// Jest Snapshot v1, https://goo.gl/fbAQLP

exports[`Login Page login failure should show error message 1`] = `
<app-login-page
  error$={[Function Store]}
  pending$={[Function Store]}
  store={[Function Store]}
>
  <div
    class="padded"
  >
    <h2>
      Hallo!
    </h2>
    <p>
      Du musst Dich bei Facebook anmelden, um den Urlaubsplaner zu nutzen.
    </p>
  </div><button
    class="button-fb"
    mat-button=""
  >
    Mit Facebook verbinden
  </button><div
    class="login-error padded"
  >
    <h3>
      Es ist ein Fehler aufgetreten.
    </h3>
    <p>
      someError
    </p>
  </div>
</app-login-page>
`;
